Archive member included to satisfy reference by file (symbol)

/home/aravita/.local/xPacks/@xpack-dev-tools/arm-none-eabi-gcc/14.2.1-1.1.1/.content/bin/../lib/gcc/arm-none-eabi/14.2.1/../../../../arm-none-eabi/lib/thumb/v7e-m/nofp/libg_nano.a(libc_a-errno.o)
                              ./system/src/newlib/sbrk.o (symbol from plugin) (__errno)
/home/aravita/.local/xPacks/@xpack-dev-tools/arm-none-eabi-gcc/14.2.1-1.1.1/.content/bin/../lib/gcc/arm-none-eabi/14.2.1/../../../../arm-none-eabi/lib/thumb/v7e-m/nofp/libg_nano.a(libc_a-impure.o)
                              /home/aravita/.local/xPacks/@xpack-dev-tools/arm-none-eabi-gcc/14.2.1-1.1.1/.content/bin/../lib/gcc/arm-none-eabi/14.2.1/../../../../arm-none-eabi/lib/thumb/v7e-m/nofp/libg_nano.a(libc_a-errno.o) (_impure_ptr)
/home/aravita/.local/xPacks/@xpack-dev-tools/arm-none-eabi-gcc/14.2.1-1.1.1/.content/bin/../lib/gcc/arm-none-eabi/14.2.1/thumb/v7e-m/nofp/libgcc.a(_aeabi_uldivmod.o)
                              /tmp/ccUt4T5f.ltrans0.ltrans.o (__aeabi_uldivmod)
/home/aravita/.local/xPacks/@xpack-dev-tools/arm-none-eabi-gcc/14.2.1-1.1.1/.content/bin/../lib/gcc/arm-none-eabi/14.2.1/thumb/v7e-m/nofp/libgcc.a(_udivmoddi4.o)
                              /home/aravita/.local/xPacks/@xpack-dev-tools/arm-none-eabi-gcc/14.2.1-1.1.1/.content/bin/../lib/gcc/arm-none-eabi/14.2.1/thumb/v7e-m/nofp/libgcc.a(_aeabi_uldivmod.o) (__udivmoddi4)
/home/aravita/.local/xPacks/@xpack-dev-tools/arm-none-eabi-gcc/14.2.1-1.1.1/.content/bin/../lib/gcc/arm-none-eabi/14.2.1/thumb/v7e-m/nofp/libgcc.a(_dvmd_tls.o)
                              /home/aravita/.local/xPacks/@xpack-dev-tools/arm-none-eabi-gcc/14.2.1-1.1.1/.content/bin/../lib/gcc/arm-none-eabi/14.2.1/thumb/v7e-m/nofp/libgcc.a(_aeabi_uldivmod.o) (__aeabi_ldiv0)
/home/aravita/.local/xPacks/@xpack-dev-tools/arm-none-eabi-gcc/14.2.1-1.1.1/.content/bin/../lib/gcc/arm-none-eabi/14.2.1/../../../../arm-none-eabi/lib/thumb/v7e-m/nofp/libg_nano.a(libc_a-memset.o)
                              /tmp/ccUt4T5f.ltrans0.ltrans.o (memset)

Discarded input sections

 .text          0x00000000        0x0 /tmp/ccUt4T5f.ltrans0.ltrans.o
 .data          0x00000000        0x0 /tmp/ccUt4T5f.ltrans0.ltrans.o
 .bss           0x00000000        0x0 /tmp/ccUt4T5f.ltrans0.ltrans.o
 .text.HAL_TIM_Base_MspInit
                0x00000000        0x2 /tmp/ccUt4T5f.ltrans0.ltrans.o
 .text.HAL_TIM_PeriodElapsedCallback
                0x00000000        0x2 /tmp/ccUt4T5f.ltrans0.ltrans.o
 .text.HAL_TIM_OC_DelayElapsedCallback
                0x00000000        0x2 /tmp/ccUt4T5f.ltrans0.ltrans.o
 .text.HAL_TIM_IC_CaptureCallback
                0x00000000        0x2 /tmp/ccUt4T5f.ltrans0.ltrans.o
 .text.HAL_TIM_PWM_PulseFinishedCallback
                0x00000000        0x2 /tmp/ccUt4T5f.ltrans0.ltrans.o
 .text.HAL_TIM_TriggerCallback
                0x00000000        0x2 /tmp/ccUt4T5f.ltrans0.ltrans.o
 .text.HAL_TIMEx_CommutCallback
                0x00000000        0x2 /tmp/ccUt4T5f.ltrans0.ltrans.o
 .text.HAL_TIMEx_BreakCallback
                0x00000000        0x2 /tmp/ccUt4T5f.ltrans0.ltrans.o
 .text._exit    0x00000000        0x2 /tmp/ccUt4T5f.ltrans0.ltrans.o
 .text.HAL_MspInit
                0x00000000        0x2 /tmp/ccUt4T5f.ltrans0.ltrans.o
 .group         0x00000000        0xc /tmp/ccpGYjO4.debug.temp.o
 .group         0x00000000        0xc /tmp/ccpGYjO4.debug.temp.o
 .group         0x00000000        0xc /tmp/ccpGYjO4.debug.temp.o
 .group         0x00000000        0xc /tmp/ccpGYjO4.debug.temp.o
 .group         0x00000000        0xc /tmp/ccpGYjO4.debug.temp.o
 .group         0x00000000        0xc /tmp/ccpGYjO4.debug.temp.o
 .group         0x00000000        0xc /tmp/ccpGYjO4.debug.temp.o
 .group         0x00000000        0xc /tmp/ccpGYjO4.debug.temp.o
 .group         0x00000000        0xc /tmp/ccpGYjO4.debug.temp.o
 .group         0x00000000        0xc /tmp/ccpGYjO4.debug.temp.o
 .group         0x00000000        0xc /tmp/ccpGYjO4.debug.temp.o
 .group         0x00000000        0xc /tmp/ccpGYjO4.debug.temp.o
 .group         0x00000000        0xc /tmp/ccpGYjO4.debug.temp.o
 .group         0x00000000        0xc /tmp/ccpGYjO4.debug.temp.o
 .group         0x00000000        0xc /tmp/ccpGYjO4.debug.temp.o
 .group         0x00000000        0xc /tmp/ccpGYjO4.debug.temp.o
 .group         0x00000000        0xc /tmp/ccpGYjO4.debug.temp.o
 .group         0x00000000        0xc /tmp/ccpGYjO4.debug.temp.o
 .group         0x00000000        0xc /tmp/ccpGYjO4.debug.temp.o
 .group         0x00000000        0xc /tmp/ccpGYjO4.debug.temp.o
 .group         0x00000000        0xc /tmp/ccpGYjO4.debug.temp.o
 .group         0x00000000        0xc /tmp/ccpGYjO4.debug.temp.o
 .group         0x00000000        0xc /tmp/ccpGYjO4.debug.temp.o
 .group         0x00000000        0xc /tmp/ccpGYjO4.debug.temp.o
 .group         0x00000000        0xc /tmp/ccpGYjO4.debug.temp.o
 .group         0x00000000        0xc /tmp/ccpGYjO4.debug.temp.o
[...]
Memory Configuration

Name             Origin             Length             Attributes
RAM              0x20000000         0x00010000         xrw
CCMRAM           0x10000000         0x00000000         xrw
FLASH            0x08000000         0x00040000         xr
FLASHB1          0x00000000         0x00000000         xr
EXTMEMB0         0x00000000         0x00000000         xr
EXTMEMB1         0x00000000         0x00000000         xr
EXTMEMB2         0x00000000         0x00000000         xr
EXTMEMB3         0x00000000         0x00000000         xr
*default*        0x00000000         0xffffffff

Linker script and memory map

LOAD ./system/src/stm32f4-hal/stm32f4xx_hal.o
LOAD /tmp/ccUt4T5f.ltrans0.ltrans.o
LOAD /tmp/ccpGYjO4.debug.temp.o
LOAD /tmp/ccsv3CPf.debug.temp.o
LOAD /tmp/ccGpvm1u.debug.temp.o
LOAD /tmp/ccWaytGJ.debug.temp.o
LOAD /tmp/ccJSWkLM.debug.temp.o
LOAD /tmp/ccCkkSXa.debug.temp.o
LOAD /tmp/ccY6QHIk.debug.temp.o
LOAD /tmp/ccGRik4v.debug.temp.o
LOAD /tmp/ccwdGYtz.debug.temp.o
LOAD /tmp/ccjIpoWd.debug.temp.o
LOAD /tmp/cc2uIbSm.debug.temp.o
LOAD /tmp/ccVgnliA.debug.temp.o
LOAD /tmp/cco2TDP4.debug.temp.o
LOAD /tmp/cczL72RJ.debug.temp.o
LOAD /tmp/ccgo9GYA.debug.temp.o
LOAD /tmp/ccVybSfZ.debug.temp.o
LOAD /tmp/ccWSQAGy.debug.temp.o
LOAD /tmp/cceS7mpo.debug.temp.o
LOAD /tmp/ccmxXFDo.debug.temp.o
LOAD /tmp/ccG3K44c.debug.temp.o
LOAD /tmp/ccgdUM5m.debug.temp.o
LOAD /tmp/cciCTTzY.debug.temp.o
LOAD /tmp/ccszDi4s.debug.temp.o
LOAD /tmp/ccLJZePN.debug.temp.o
LOAD /tmp/ccxrKNAn.debug.temp.o
LOAD /tmp/ccb7HpzU.debug.temp.o
LOAD /tmp/ccaBQhL9.debug.temp.o
LOAD /tmp/ccLRVeFA.debug.temp.o
LOAD /tmp/ccxjQIzE.debug.temp.o
LOAD /tmp/cc97z1s8.debug.temp.o
LOAD /tmp/ccLr5Rv9.debug.temp.o
LOAD /tmp/ccqdDXOe.debug.temp.o
LOAD /tmp/cc3Xc3Ht.debug.temp.o
LOAD /tmp/ccmYz1Xr.debug.temp.o
LOAD ./system/src/stm32f4-hal/stm32f4xx_hal_cortex.o
LOAD ./system/src/stm32f4-hal/stm32f4xx_hal_flash.o
LOAD ./system/src/stm32f4-hal/stm32f4xx_hal_flash_ex.o
LOAD ./system/src/stm32f4-hal/stm32f4xx_hal_flash_ramfunc.o
LOAD ./system/src/stm32f4-hal/stm32f4xx_hal_gpio.o
LOAD ./system/src/stm32f4-hal/stm32f4xx_hal_iwdg.o
LOAD ./system/src/stm32f4-hal/stm32f4xx_hal_pwr.o
LOAD ./system/src/stm32f4-hal/stm32f4xx_hal_rcc.o
LOAD ./system/src/stm32f4-hal/stm32f4xx_hal_rcc_ex.o
LOAD ./system/src/stm32f4-hal/stm32f4xx_hal_rtc.o
LOAD ./system/src/stm32f4-hal/stm32f4xx_hal_tim.o
LOAD ./system/src/stm32f4-hal/stm32f4xx_hal_tim_ex.o
LOAD ./system/src/newlib/assert.o
LOAD ./system/src/newlib/cxx.o
LOAD ./system/src/newlib/exit.o
LOAD ./system/src/newlib/sbrk.o
LOAD ./system/src/newlib/startup.o
LOAD ./system/src/newlib/syscalls.o
LOAD ./system/src/diag/trace-impl.o
LOAD ./system/src/diag/trace.o
LOAD ./system/src/cortexm/exception-handlers.o
LOAD ./system/src/cortexm/initialize-hardware.o
LOAD ./system/src/cortexm/reset-hardware.o
LOAD ./system/src/cmsis/system_stm32f4xx.o
LOAD ./system/src/cmsis/vectors_stm32f401xc.o
LOAD ./src/digits_logic.o
LOAD ./src/hal.o
LOAD ./src/initialize-hardware.o
LOAD ./src/interrupts.o
LOAD ./src/main.o
LOAD ./src/rtc.o
LOAD ./src/stm32f4xx_hal_msp.o
LOAD ./src/write.o
LOAD /home/aravita/.local/xPacks/@xpack-dev-tools/arm-none-eabi-gcc/14.2.1-1.1.1/.content/bin/../lib/gcc/arm-none-eabi/14.2.1/../../../../arm-none-eabi/lib/thumb/v7e-m/nofp/libstdc++_nano.a
LOAD /home/aravita/.local/xPacks/@xpack-dev-tools/arm-none-eabi-gcc/14.2.1-1.1.1/.content/bin/../lib/gcc/arm-none-eabi/14.2.1/../../../../arm-none-eabi/lib/thumb/v7e-m/nofp/libm.a
START GROUP
LOAD /home/aravita/.local/xPacks/@xpack-dev-tools/arm-none-eabi-gcc/14.2.1-1.1.1/.content/bin/../lib/gcc/arm-none-eabi/14.2.1/thumb/v7e-m/nofp/libgcc.a
LOAD /home/aravita/.local/xPacks/@xpack-dev-tools/arm-none-eabi-gcc/14.2.1-1.1.1/.content/bin/../lib/gcc/arm-none-eabi/14.2.1/../../../../arm-none-eabi/lib/thumb/v7e-m/nofp/libg_nano.a
LOAD /home/aravita/.local/xPacks/@xpack-dev-tools/arm-none-eabi-gcc/14.2.1-1.1.1/.content/bin/../lib/gcc/arm-none-eabi/14.2.1/../../../../arm-none-eabi/lib/thumb/v7e-m/nofp/libc_nano.a
END GROUP
START GROUP
LOAD /home/aravita/.local/xPacks/@xpack-dev-tools/arm-none-eabi-gcc/14.2.1-1.1.1/.content/bin/../lib/gcc/arm-none-eabi/14.2.1/thumb/v7e-m/nofp/libgcc.a
LOAD /home/aravita/.local/xPacks/@xpack-dev-tools/arm-none-eabi-gcc/14.2.1-1.1.1/.content/bin/../lib/gcc/arm-none-eabi/14.2.1/../../../../arm-none-eabi/lib/thumb/v7e-m/nofp/libc_nano.a
END GROUP
                0x20010000                        __stack = (ORIGIN (RAM) + LENGTH (RAM))
                0x20010000                        _estack = __stack
                0x00000400                        __Main_Stack_Size = 0x400
                [!provide]                        PROVIDE (_Main_Stack_Size = __Main_Stack_Size)
                0x2000fc00                        __Main_Stack_Limit = (__stack - __Main_Stack_Size)
                [!provide]                        PROVIDE (_Main_Stack_Limit = __Main_Stack_Limit)
                0x00000100                        _Minimum_Stack_Size = 0x100
                0x200000b0                        PROVIDE (_Heap_Begin = _end_noinit)
                0x2000fc00                        PROVIDE (_Heap_Limit = (__stack - __Main_Stack_Size))

.isr_vector     0x08000000      0x310
 FILL mask 0xff
                0x08000000                        __vectors_start = ABSOLUTE (.)
                0x08000000                        __vectors_start__ = ABSOLUTE (.)
 *(.isr_vector)
 .isr_vector    0x08000000      0x194 /tmp/ccUt4T5f.ltrans0.ltrans.o
                0x08000000                __isr_vectors
 *(.cfmconfig)
 *(.after_vectors .after_vectors.*)
 .after_vectors
                0x08000194      0x17c /tmp/ccUt4T5f.ltrans0.ltrans.o
                0x08000198                HardFault_Handler
                0x080001b0                BusFault_Handler
                0x080001c4                UsageFault_Handler
                0x080001e8                _start
                0x080002f6                HardFault_Handler_C
                0x080002fa                BusFault_Handler_C
                0x080002fe                UsageFault_Handler_C

.inits          0x08000310       0x28
                0x08000310                        __data_regions_array_start = .
                0x08000310        0x4 LONG 0x800234c LOADADDR (.data)
                0x08000314        0x4 LONG 0x20000000 ADDR (.data)
                0x08000318        0x4 LONG 0x20000018 (ADDR (.data) + SIZEOF (.data))
                0x0800031c        0x4 LONG 0x800234c LOADADDR (.data_CCMRAM)
                0x08000320        0x4 LONG 0x10000000 ADDR (.data_CCMRAM)
                0x08000324        0x4 LONG 0x10000000 (ADDR (.data_CCMRAM) + SIZEOF (.data_CCMRAM))
                0x08000328                        __data_regions_array_end = .
                0x08000328                        __bss_regions_array_start = .
                0x08000328        0x4 LONG 0x20000018 ADDR (.bss)
                0x0800032c        0x4 LONG 0x200000b0 (ADDR (.bss) + SIZEOF (.bss))
                0x08000330        0x4 LONG 0x10000000 ADDR (.bss_CCMRAM)
                0x08000334        0x4 LONG 0x10000000 (ADDR (.bss_CCMRAM) + SIZEOF (.bss_CCMRAM))
                0x08000338                        __bss_regions_array_end = .
 *(.init)
 *(.fini)
                0x08000338                        . = ALIGN (0x4)
                0x08000338                        PROVIDE (__preinit_array_start = .)
 *(.preinit_array_sysinit .preinit_array_sysinit.*)
 *(.preinit_array_platform .preinit_array_platform.*)
 *(.preinit_array .preinit_array.*)
                0x08000338                        PROVIDE (__preinit_array_end = .)
                0x08000338                        . = ALIGN (0x4)
                0x08000338                        PROVIDE (__init_array_start = .)
 *(SORT_BY_NAME(.init_array.*))
 *(.init_array)
                0x08000338                        PROVIDE (__init_array_end = .)
                0x08000338                        . = ALIGN (0x4)
                0x08000338                        PROVIDE (__fini_array_start = .)
 *(SORT_BY_NAME(.fini_array.*))
 *(.fini_array)
                0x08000338                        PROVIDE (__fini_array_end = .)

.flashtext
 *(.flashtext .flashtext.*)

.text           0x08000338     0x200c
 *(.text .text.*)
 .text.HAL_IncTick
                0x08000338       0x10 /tmp/ccUt4T5f.ltrans0.ltrans.o
 .text.HAL_GetTick
                0x08000348        0xc /tmp/ccUt4T5f.ltrans0.ltrans.o
 .text.__NVIC_SetPriority
                0x08000354       0x28 /tmp/ccUt4T5f.ltrans0.ltrans.o
 .text.NVIC_EncodePriority
                0x0800037c       0x3e /tmp/ccUt4T5f.ltrans0.ltrans.o
 *fill*         0x080003ba        0x2 
 .text.HAL_SYSTICK_Config
                0x080003bc       0x28 /tmp/ccUt4T5f.ltrans0.ltrans.o
 .text.HAL_PWR_EnableBkUpAccess
                0x080003e4        0xc /tmp/ccUt4T5f.ltrans0.ltrans.o
 .text.HAL_RCC_GetSysClockFreq
                0x080003f0       0x74 /tmp/ccUt4T5f.ltrans0.ltrans.o
 .text.HAL_RCC_GetHCLKFreq
                0x08000464        0xc /tmp/ccUt4T5f.ltrans0.ltrans.o
 .text.HAL_RTC_WaitForSynchro
                0x08000470       0x32 /tmp/ccUt4T5f.ltrans0.ltrans.o
 .text.RTC_EnterInitMode
                0x080004a2       0x3c /tmp/ccUt4T5f.ltrans0.ltrans.o
 .text.RTC_ByteToBcd2
                0x080004de       0x16 /tmp/ccUt4T5f.ltrans0.ltrans.o
 .text.RTC_Bcd2ToByte
                0x080004f4       0x12 /tmp/ccUt4T5f.ltrans0.ltrans.o
 *fill*         0x08000506        0x2 
 .text.TIM_Base_SetConfig
                0x08000508       0x9c /tmp/ccUt4T5f.ltrans0.ltrans.o
 .text.HAL_TIM_IRQHandler
                0x080005a4       0xfa /tmp/ccUt4T5f.ltrans0.ltrans.o
 *fill*         0x0800069e        0x2 
 .text.__initialize_args
                0x080006a0       0x10 /tmp/ccUt4T5f.ltrans0.ltrans.o
 .text.SystemInit
                0x080006b0       0x10 /tmp/ccUt4T5f.ltrans0.ltrans.o
 .text.__initialize_hardware_early
                0x080006c0       0x18 /tmp/ccUt4T5f.ltrans0.ltrans.o
 .text.SystemCoreClockUpdate
                0x080006d8       0xa0 /tmp/ccUt4T5f.ltrans0.ltrans.o
 .text.DigitsLogic_Init
                0x08000778       0x20 /tmp/ccUt4T5f.ltrans0.ltrans.o
 .text.DigitsLogic_SetNumberToDisplay
                0x08000798       0x18 /tmp/ccUt4T5f.ltrans0.ltrans.o
 .text.assert_failed
                0x080007b0        0x2 /tmp/ccUt4T5f.ltrans0.ltrans.o
 *fill*         0x080007b2        0x2 
 .text.HAL_NVIC_SetPriorityGrouping
                0x080007b4       0x38 /tmp/ccUt4T5f.ltrans0.ltrans.o
 .text.HAL_NVIC_SetPriority
                0x080007ec       0x3c /tmp/ccUt4T5f.ltrans0.ltrans.o
 .text.HAL_InitTick
                0x08000828       0x44 /tmp/ccUt4T5f.ltrans0.ltrans.o
 .text.HAL_NVIC_EnableIRQ
                0x0800086c       0x28 /tmp/ccUt4T5f.ltrans0.ltrans.o
 .text.HAL_SYSTICK_CLKSourceConfig
                0x08000894       0x34 /tmp/ccUt4T5f.ltrans0.ltrans.o
 .text.HAL_GPIO_Init
                0x080008c8      0x288 /tmp/ccUt4T5f.ltrans0.ltrans.o
 .text.HAL_GPIO_WritePin
                0x08000b50       0x2c /tmp/ccUt4T5f.ltrans0.ltrans.o
 .text.Lesson0_HAL_ShowByte
                0x08000b7c       0x6c /tmp/ccUt4T5f.ltrans0.ltrans.o
 .text.DigitsLogic_ShowDigit
                0x08000be8       0x90 /tmp/ccUt4T5f.ltrans0.ltrans.o
 .text.Lesson0_HAL_LightDigit
                0x08000c78       0x64 /tmp/ccUt4T5f.ltrans0.ltrans.o
 .text.DigitsLogic_ShowNextCharacter
                0x08000cdc       0x34 /tmp/ccUt4T5f.ltrans0.ltrans.o
 .text.TIM3_IRQHandler
                0x08000d10       0x14 /tmp/ccUt4T5f.ltrans0.ltrans.o
 .text.Lesson0_HAL_Error
                0x08000d24       0x54 /tmp/ccUt4T5f.ltrans0.ltrans.o
 .text.HAL_RCC_OscConfig
                0x08000d78      0x4e0 /tmp/ccUt4T5f.ltrans0.ltrans.o
 .text.HAL_RCC_ClockConfig
                0x08001258      0x218 /tmp/ccUt4T5f.ltrans0.ltrans.o
 .text.SystemClock_Config
                0x08001470       0x9c /tmp/ccUt4T5f.ltrans0.ltrans.o
 .text.HAL_RTC_SetTime
                0x0800150c      0x1fc /tmp/ccUt4T5f.ltrans0.ltrans.o
 .text.HAL_RTC_GetTime
                0x08001708       0x64 /tmp/ccUt4T5f.ltrans0.ltrans.o
 .text.HAL_RTC_SetDate
                0x0800176c      0x17c /tmp/ccUt4T5f.ltrans0.ltrans.o
 .text.HAL_RTC_GetDate
                0x080018e8       0x50 /tmp/ccUt4T5f.ltrans0.ltrans.o
 .text.HAL_TIM_Base_Init
                0x08001938       0xcc /tmp/ccUt4T5f.ltrans0.ltrans.o
 .text.HAL_TIM_Base_Start_IT
                0x08001a04       0x74 /tmp/ccUt4T5f.ltrans0.ltrans.o
 .text.Lesson0_HAL_InitDigitsTimer
                0x08001a78       0x80 /tmp/ccUt4T5f.ltrans0.ltrans.o
 .text.SysTick_Handler
                0x08001af8       0x28 /tmp/ccUt4T5f.ltrans0.ltrans.o
 .text.PrepareTimeToDisplay
                0x08001b20       0x30 /tmp/ccUt4T5f.ltrans0.ltrans.o
 .text.PrepareDateToDisplay
                0x08001b50       0x38 /tmp/ccUt4T5f.ltrans0.ltrans.o
 .text.Lesson0_RTC_PollRTC
                0x08001b88       0x30 /tmp/ccUt4T5f.ltrans0.ltrans.o
 .text.HAL_RTC_MspInit
                0x08001bb8       0x8c /tmp/ccUt4T5f.ltrans0.ltrans.o
 .text.HAL_RTC_Init
                0x08001c44      0x148 /tmp/ccUt4T5f.ltrans0.ltrans.o
 .text.Lesson0_RTC_Init
                0x08001d8c       0x70 /tmp/ccUt4T5f.ltrans0.ltrans.o
 .text.Lesson0_HAL_HardwareInit
                0x08001dfc       0x80 /tmp/ccUt4T5f.ltrans0.ltrans.o
 .text.main     0x08001e7c       0x48 /tmp/ccUt4T5f.ltrans0.ltrans.o
 .text.HAL_Init
                0x08001ec4       0x30 /tmp/ccUt4T5f.ltrans0.ltrans.o
 .text.__initialize_hardware
                0x08001ef4       0x10 /tmp/ccUt4T5f.ltrans0.ltrans.o
 .text.memset   0x08001f04       0x10 /home/aravita/.local/xPacks/@xpack-dev-tools/arm-none-eabi-gcc/14.2.1-1.1.1/.content/bin/../lib/gcc/arm-none-eabi/14.2.1/../../../../arm-none-eabi/lib/thumb/v7e-m/nofp/libg_nano.a(libc_a-memset.o)
                0x08001f04                memset
 .text          0x08001f14       0x30 /home/aravita/.local/xPacks/@xpack-dev-tools/arm-none-eabi-gcc/14.2.1-1.1.1/.content/bin/../lib/gcc/arm-none-eabi/14.2.1/thumb/v7e-m/nofp/libgcc.a(_aeabi_uldivmod.o)
                0x08001f14                __aeabi_uldivmod
 .text.__udivmoddi4
                0x08001f44      0x2f8 /home/aravita/.local/xPacks/@xpack-dev-tools/arm-none-eabi-gcc/14.2.1-1.1.1/.content/bin/../lib/gcc/arm-none-eabi/14.2.1/thumb/v7e-m/nofp/libgcc.a(_udivmoddi4.o)
                0x08001f44                __udivmoddi4
 .text          0x0800223c        0x4 /home/aravita/.local/xPacks/@xpack-dev-tools/arm-none-eabi-gcc/14.2.1-1.1.1/.content/bin/../lib/gcc/arm-none-eabi/14.2.1/thumb/v7e-m/nofp/libgcc.a(_dvmd_tls.o)
                0x0800223c                __aeabi_ldiv0
                0x0800223c                __aeabi_idiv0
 *(.rodata .rodata.* .constdata .constdata.*)
 .rodata.HAL_NVIC_SetPriorityGrouping.str1.4
                0x08002240       0xf2 /tmp/ccUt4T5f.ltrans0.ltrans.o
                                 0x31 (size before relaxing)
 .rodata.HAL_GPIO_Init.str1.4
                0x08002332       0x2f /tmp/ccUt4T5f.ltrans0.ltrans.o
 .rodata.HAL_RCC_OscConfig.str1.4
                0x08002332       0x2e /tmp/ccUt4T5f.ltrans0.ltrans.o
 .rodata.HAL_RTC_SetTime.str1.4
                0x08002332       0x2e /tmp/ccUt4T5f.ltrans0.ltrans.o
 .rodata.HAL_TIM_Base_Init.str1.4
                0x08002332       0x2e /tmp/ccUt4T5f.ltrans0.ltrans.o
 *fill*         0x08002332        0x2 
 .rodata.AHBPrescTable
                0x08002334       0x10 /tmp/ccUt4T5f.ltrans0.ltrans.o
 *(vtable)
 *(.eh_frame*)
 *(.glue_7)
 .glue_7        0x08002344        0x0 linker stubs
 *(.glue_7t)
 .glue_7t       0x08002344        0x0 linker stubs

.vfp11_veneer   0x08002344        0x0
 .vfp11_veneer  0x08002344        0x0 linker stubs

.v4_bx          0x08002344        0x0
 .v4_bx         0x08002344        0x0 linker stubs

.iplt           0x08002344        0x0
 .iplt          0x08002344        0x0 /tmp/ccUt4T5f.ltrans0.ltrans.o

.ARM.extab
 *(.ARM.extab* .gnu.linkonce.armextab.*)
                0x08002344                        . = ALIGN (0x4)
                0x08002344                        __exidx_start = .

.ARM.exidx      0x08002344        0x8
 *(.ARM.exidx* .gnu.linkonce.armexidx.*)
 .ARM.exidx.text.__udivmoddi4
                0x08002344        0x8 /home/aravita/.local/xPacks/@xpack-dev-tools/arm-none-eabi-gcc/14.2.1-1.1.1/.content/bin/../lib/gcc/arm-none-eabi/14.2.1/thumb/v7e-m/nofp/libgcc.a(_udivmoddi4.o)
                0x0800234c                        __exidx_end = .

.rel.dyn        0x0800234c        0x0
 .rel.iplt      0x0800234c        0x0 /tmp/ccUt4T5f.ltrans0.ltrans.o
                0x0800234c                        . = ALIGN (0x4)
                0x0800234c                        _etext = .
                0x0800234c                        __etext = .

.data_CCMRAM    0x10000000        0x0 load address 0x0800234c
 FILL mask 0xff
 *(.data.CCMRAM .data.CCMRAM.*)
                0x10000000                        . = ALIGN (0x4)
                0x0800234c                        _sidata = LOADADDR (.data)

.data           0x20000000       0x18 load address 0x0800234c
 FILL mask 0xff
                0x20000000                        _sdata = .
                0x20000000                        __data_start__ = .
 *(.data_begin .data_begin.*)
 .data_begin    0x20000000        0x4 /tmp/ccUt4T5f.ltrans0.ltrans.o
 *(.data .data.*)
 .data.argv.1   0x20000004        0x8 /tmp/ccUt4T5f.ltrans0.ltrans.o
 .data.uwTickPrio
                0x2000000c        0x4 /tmp/ccUt4T5f.ltrans0.ltrans.o
 .data.SystemCoreClock
                0x20000010        0x4 /tmp/ccUt4T5f.ltrans0.ltrans.o
 *(.data_end .data_end.*)
 .data_end      0x20000014        0x4 /tmp/ccUt4T5f.ltrans0.ltrans.o
                0x20000018                        . = ALIGN (0x4)
                0x20000018                        _edata = .
                0x20000018                        __data_end__ = .

.igot.plt       0x20000018        0x0 load address 0x08002364
 .igot.plt      0x20000018        0x0 /tmp/ccUt4T5f.ltrans0.ltrans.o

.bss_CCMRAM     0x10000000        0x0
 *(.bss.CCMRAM .bss.CCMRAM.*)

.bss            0x20000018       0x98
                0x20000018                        __bss_start__ = .
                0x20000018                        _sbss = .
 *(.bss_begin .bss_begin.*)
 .bss_begin     0x20000018        0x4 /tmp/ccUt4T5f.ltrans0.ltrans.o
 *(.bss .bss.*)
 .bss.name.0    0x2000001c        0x1 /tmp/ccUt4T5f.ltrans0.ltrans.o
 *fill*         0x2000001d        0x3 
 .bss.RtcHandle
                0x20000020       0x20 /tmp/ccUt4T5f.ltrans0.ltrans.o
 .bss.CurrentDate
                0x20000040        0x4 /tmp/ccUt4T5f.ltrans0.ltrans.o
 .bss.CurrentTime
                0x20000044       0x14 /tmp/ccUt4T5f.ltrans0.ltrans.o
 .bss.DateTimeCycleCounter
                0x20000058        0x4 /tmp/ccUt4T5f.ltrans0.ltrans.o
 .bss.timer3Handler
                0x2000005c       0x40 /tmp/ccUt4T5f.ltrans0.ltrans.o
 .bss.ActiveCharacter
                0x2000009c        0x1 /tmp/ccUt4T5f.ltrans0.ltrans.o
 *fill*         0x2000009d        0x3 
 .bss.CharactersToDisplay
                0x200000a0        0x6 /tmp/ccUt4T5f.ltrans0.ltrans.o
 *fill*         0x200000a6        0x2 
 .bss.uwTick    0x200000a8        0x4 /tmp/ccUt4T5f.ltrans0.ltrans.o
 *(COMMON)
 *(.bss_end .bss_end.*)
 .bss_end       0x200000ac        0x4 /tmp/ccUt4T5f.ltrans0.ltrans.o
                0x200000b0                        . = ALIGN (0x4)
                0x200000b0                        __bss_end__ = .
                0x200000b0                        _ebss = .

.noinit_CCMRAM
 *(.noinit.CCMRAM .noinit.CCMRAM.*)

.noinit         0x200000b0        0x0
                0x200000b0                        _noinit = .
 *(.noinit .noinit.*)
                0x200000b0                        . = ALIGN (0x4)
                0x200000b0                        _end_noinit = .
                [!provide]                        PROVIDE (end = _end_noinit)
                [!provide]                        PROVIDE (_end = _end_noinit)
                [!provide]                        PROVIDE (__end = _end_noinit)
                [!provide]                        PROVIDE (__end__ = _end_noinit)

._check_stack   0x200000b0      0x100
                0x200001b0                        . = (. + _Minimum_Stack_Size)
 *fill*         0x200000b0      0x100 

.b1text
 *(.b1text)
 *(.b1rodata)
 *(.b1rodata.*)

.eb0text
 *(.eb0text)
 *(.eb0rodata)
 *(.eb0rodata.*)

.eb1text
 *(.eb1text)
 *(.eb1rodata)
 *(.eb1rodata.*)

.eb2text
 *(.eb2text)
 *(.eb2rodata)
 *(.eb2rodata.*)

.eb3text
 *(.eb3text)
 *(.eb3rodata)
 *(.eb3rodata.*)

.stab
 *(.stab)

.stabstr
 *(.stabstr)

.stab.excl
 *(.stab.excl)

.stab.exclstr
 *(.stab.exclstr)

.stab.index
 *(.stab.index)

.stab.indexstr
 *(.stab.indexstr)

.comment        0x00000000       0x39
 *(.comment)
 .comment       0x00000000       0x39 /tmp/ccUt4T5f.ltrans0.ltrans.o
                                 0x3a (size before relaxing)
 .comment       0x00000039       0x3a /home/aravita/.local/xPacks/@xpack-dev-tools/arm-none-eabi-gcc/14.2.1-1.1.1/.content/bin/../lib/gcc/arm-none-eabi/14.2.1/../../../../arm-none-eabi/lib/thumb/v7e-m/nofp/libg_nano.a(libc_a-memset.o)
 .comment       0x00000039       0x3a /home/aravita/.local/xPacks/@xpack-dev-tools/arm-none-eabi-gcc/14.2.1-1.1.1/.content/bin/../lib/gcc/arm-none-eabi/14.2.1/thumb/v7e-m/nofp/libgcc.a(_udivmoddi4.o)

.ARM.attributes
                0x00000000       0x2e
 .ARM.attributes
                0x00000000       0x2c /tmp/ccUt4T5f.ltrans0.ltrans.o
 .ARM.attributes
                0x0000002c       0x2e /home/aravita/.local/xPacks/@xpack-dev-tools/arm-none-eabi-gcc/14.2.1-1.1.1/.content/bin/../lib/gcc/arm-none-eabi/14.2.1/../../../../arm-none-eabi/lib/thumb/v7e-m/nofp/libg_nano.a(libc_a-memset.o)
 .ARM.attributes
                0x0000005a       0x1e /home/aravita/.local/xPacks/@xpack-dev-tools/arm-none-eabi-gcc/14.2.1-1.1.1/.content/bin/../lib/gcc/arm-none-eabi/14.2.1/thumb/v7e-m/nofp/libgcc.a(_aeabi_uldivmod.o)
 .ARM.attributes
                0x00000078       0x2e /home/aravita/.local/xPacks/@xpack-dev-tools/arm-none-eabi-gcc/14.2.1-1.1.1/.content/bin/../lib/gcc/arm-none-eabi/14.2.1/thumb/v7e-m/nofp/libgcc.a(_udivmoddi4.o)
 .ARM.attributes
                0x000000a6       0x1e /home/aravita/.local/xPacks/@xpack-dev-tools/arm-none-eabi-gcc/14.2.1-1.1.1/.content/bin/../lib/gcc/arm-none-eabi/14.2.1/thumb/v7e-m/nofp/libgcc.a(_dvmd_tls.o)

.debug
 *(.debug)

.line
 *(.line)

.debug_srcinfo
 *(.debug_srcinfo)

.debug_sfnames
 *(.debug_sfnames)

.debug_aranges  0x00000000      0x290
 *(.debug_aranges)
 .debug_aranges
                0x00000000      0x290 /tmp/ccUt4T5f.ltrans0.ltrans.o

.debug_pubnames
 *(.debug_pubnames)

.debug_info     0x00000000     0xaab2
 *(.debug_info .gnu.linkonce.wi.*)
 .debug_info    0x00000000     0x1ea8 /tmp/ccUt4T5f.ltrans0.ltrans.o
 .debug_info    0x00001ea8      0x7a3 /tmp/ccpGYjO4.debug.temp.o
                0x00001ea8                stm32f4xx_hal.c.acfdee14
 .debug_info    0x0000264b      0xa62 /tmp/ccsv3CPf.debug.temp.o
                0x0000264b                stm32f4xx_hal_cortex.c.06d74a78
 .debug_info    0x000030ad      0x634 /tmp/ccCkkSXa.debug.temp.o
                0x000030ad                stm32f4xx_hal_gpio.c.d189996c
 .debug_info    0x000036e1      0x632 /tmp/ccGRik4v.debug.temp.o
                0x000036e1                stm32f4xx_hal_pwr.c.4b4847c9
 .debug_info    0x00003d13      0x7e8 /tmp/ccwdGYtz.debug.temp.o
                0x00003d13                stm32f4xx_hal_rcc.c.ec6dd794
 .debug_info    0x000044fb      0x9be /tmp/cc2uIbSm.debug.temp.o
                0x000044fb                stm32f4xx_hal_rtc.c.92e7d27d
 .debug_info    0x00004eb9     0x1ceb /tmp/ccVgnliA.debug.temp.o
                0x00004eb9                stm32f4xx_hal_tim.c.e1096ba7
 .debug_info    0x00006ba4      0xf28 /tmp/cco2TDP4.debug.temp.o
                0x00006ba4                stm32f4xx_hal_tim_ex.c.8c4c1556
 .debug_info    0x00007acc       0xba /tmp/ccVybSfZ.debug.temp.o
                0x00007acc                exit.c.f9f7d269
 .debug_info    0x00007b86      0x2c2 /tmp/cceS7mpo.debug.temp.o
                0x00007b86                startup.c.e007c894
 .debug_info    0x00007e48      0x15b /tmp/ccmxXFDo.debug.temp.o
                0x00007e48                syscalls.c.59ccc12d
 .debug_info    0x00007fa3      0x1c3 /tmp/cciCTTzY.debug.temp.o
                0x00007fa3                exception_handlers.c.59a60317
 .debug_info    0x00008166      0x240 /tmp/ccszDi4s.debug.temp.o
                0x00008166                initialize_hardware.c.0502b844
 .debug_info    0x000083a6      0x4e7 /tmp/ccxrKNAn.debug.temp.o
                0x000083a6                system_stm32f4xx.c.08812e75
 .debug_info    0x0000888d       0xf3 /tmp/ccb7HpzU.debug.temp.o
                0x0000888d                vectors_stm32f401xc.c.8e0fa687
 .debug_info    0x00008980      0x129 /tmp/ccaBQhL9.debug.temp.o
                0x00008980                digits_logic.c.0bfd334e
 .debug_info    0x00008aa9      0xc05 /tmp/ccLRVeFA.debug.temp.o
                0x00008aa9                hal.c.5e1e4bef
 .debug_info    0x000096ae      0x4dc /tmp/ccxjQIzE.debug.temp.o
                0x000096ae                initialize_hardware.c.b81c42e7
 .debug_info    0x00009b8a       0x98 /tmp/cc97z1s8.debug.temp.o
                0x00009b8a                interrupts.c.1ee79a65
 .debug_info    0x00009c22      0x54e /tmp/ccLr5Rv9.debug.temp.o
                0x00009c22                main.c.0f9de8a9
 .debug_info    0x0000a170      0x8ba /tmp/ccqdDXOe.debug.temp.o
                0x0000a170                rtc.c.ea207cfd
 .debug_info    0x0000aa2a       0x88 /tmp/cc3Xc3Ht.debug.temp.o
                0x0000aa2a                stm32f4xx_hal_msp.c.d76db91a

.debug_abbrev   0x00000000     0x2026
 *(.debug_abbrev)
 .debug_abbrev  0x00000000      0x180 /tmp/ccUt4T5f.ltrans0.ltrans.o
 .debug_abbrev  0x00000180      0x20e /tmp/ccpGYjO4.debug.temp.o
 .debug_abbrev  0x0000038e      0x279 /tmp/ccsv3CPf.debug.temp.o
 .debug_abbrev  0x00000607      0x1aa /tmp/ccCkkSXa.debug.temp.o
 .debug_abbrev  0x000007b1      0x188 /tmp/ccGRik4v.debug.temp.o
 .debug_abbrev  0x00000939      0x237 /tmp/ccwdGYtz.debug.temp.o
 .debug_abbrev  0x00000b70      0x1a6 /tmp/cc2uIbSm.debug.temp.o
 .debug_abbrev  0x00000d16      0x1f9 /tmp/ccVgnliA.debug.temp.o
 .debug_abbrev  0x00000f0f      0x207 /tmp/cco2TDP4.debug.temp.o
 .debug_abbrev  0x00001116       0x93 /tmp/ccVybSfZ.debug.temp.o
 .debug_abbrev  0x000011a9      0x16a /tmp/cceS7mpo.debug.temp.o
 .debug_abbrev  0x00001313       0xe2 /tmp/ccmxXFDo.debug.temp.o
 .debug_abbrev  0x000013f5       0xf7 /tmp/cciCTTzY.debug.temp.o
 .debug_abbrev  0x000014ec       0xd7 /tmp/ccszDi4s.debug.temp.o
 .debug_abbrev  0x000015c3      0x101 /tmp/ccxrKNAn.debug.temp.o
 .debug_abbrev  0x000016c4       0xaa /tmp/ccb7HpzU.debug.temp.o
 .debug_abbrev  0x0000176e       0xdd /tmp/ccaBQhL9.debug.temp.o
 .debug_abbrev  0x0000184b      0x23b /tmp/ccLRVeFA.debug.temp.o
 .debug_abbrev  0x00001a86      0x1d3 /tmp/ccxjQIzE.debug.temp.o
 .debug_abbrev  0x00001c59       0x6e /tmp/cc97z1s8.debug.temp.o
 .debug_abbrev  0x00001cc7      0x180 /tmp/ccLr5Rv9.debug.temp.o
 .debug_abbrev  0x00001e47      0x1a4 /tmp/ccqdDXOe.debug.temp.o
 .debug_abbrev  0x00001feb       0x3b /tmp/cc3Xc3Ht.debug.temp.o

.debug_line     0x00000000     0x4c54
 *(.debug_line)
 .debug_line    0x00000000     0x280a /tmp/ccUt4T5f.ltrans0.ltrans.o
 .debug_line    0x0000280a      0x1ca /tmp/ccpGYjO4.debug.temp.o
 .debug_line    0x000029d4      0x1ca /tmp/ccsv3CPf.debug.temp.o
 .debug_line    0x00002b9e      0x1ca /tmp/ccCkkSXa.debug.temp.o
 .debug_line    0x00002d68      0x1ca /tmp/ccGRik4v.debug.temp.o
 .debug_line    0x00002f32      0x1ca /tmp/ccwdGYtz.debug.temp.o
 .debug_line    0x000030fc      0x1ca /tmp/cc2uIbSm.debug.temp.o
 .debug_line    0x000032c6      0x1ca /tmp/ccVgnliA.debug.temp.o
 .debug_line    0x00003490      0x1ca /tmp/cco2TDP4.debug.temp.o
 .debug_line    0x0000365a       0xe9 /tmp/ccVybSfZ.debug.temp.o
 .debug_line    0x00003743       0xc7 /tmp/cceS7mpo.debug.temp.o
 .debug_line    0x0000380a      0x121 /tmp/ccmxXFDo.debug.temp.o
 .debug_line    0x0000392b      0x28c /tmp/cciCTTzY.debug.temp.o
 .debug_line    0x00003bb7      0x1cf /tmp/ccszDi4s.debug.temp.o
 .debug_line    0x00003d86      0x1ca /tmp/ccxrKNAn.debug.temp.o
 .debug_line    0x00003f50       0x51 /tmp/ccb7HpzU.debug.temp.o
 .debug_line    0x00003fa1       0x5b /tmp/ccaBQhL9.debug.temp.o
 .debug_line    0x00003ffc      0x1de /tmp/ccLRVeFA.debug.temp.o
 .debug_line    0x000041da      0x257 /tmp/ccxjQIzE.debug.temp.o
 .debug_line    0x00004431      0x1e3 /tmp/cc97z1s8.debug.temp.o
 .debug_line    0x00004614      0x2a2 /tmp/ccLr5Rv9.debug.temp.o
 .debug_line    0x000048b6      0x1d4 /tmp/ccqdDXOe.debug.temp.o
 .debug_line    0x00004a8a      0x1ca /tmp/cc3Xc3Ht.debug.temp.o

.debug_frame    0x00000000      0x6e8
 *(.debug_frame)
 .debug_frame   0x00000000      0x6e8 /tmp/ccUt4T5f.ltrans0.ltrans.o

.debug_str      0x00000000    0xaa6bf
 *(.debug_str)
 .debug_str     0x00000000    0xaa6bf /tmp/ccUt4T5f.ltrans0.ltrans.o
                                0x1dc (size before relaxing)
 .debug_str     0x000aa6bf    0xa0c0e /tmp/ccpGYjO4.debug.temp.o
 .debug_str     0x000aa6bf    0xa091c /tmp/ccsv3CPf.debug.temp.o
 .debug_str     0x000aa6bf    0xa03f7 /tmp/ccCkkSXa.debug.temp.o
 .debug_str     0x000aa6bf    0xa0406 /tmp/ccGRik4v.debug.temp.o
 .debug_str     0x000aa6bf    0xa05f8 /tmp/ccwdGYtz.debug.temp.o
 .debug_str     0x000aa6bf    0xa0598 /tmp/cc2uIbSm.debug.temp.o
 .debug_str     0x000aa6bf    0xa133b /tmp/ccVgnliA.debug.temp.o
 .debug_str     0x000aa6bf    0xa0b84 /tmp/cco2TDP4.debug.temp.o
 .debug_str     0x000aa6bf     0x7c9a /tmp/ccVybSfZ.debug.temp.o
 .debug_str     0x000aa6bf     0x6745 /tmp/cceS7mpo.debug.temp.o
 .debug_str     0x000aa6bf     0x9000 /tmp/ccmxXFDo.debug.temp.o
 .debug_str     0x000aa6bf    0xa4afb /tmp/cciCTTzY.debug.temp.o
 .debug_str     0x000aa6bf    0xa00f3 /tmp/ccszDi4s.debug.temp.o
 .debug_str     0x000aa6bf    0xa01f3 /tmp/ccxrKNAn.debug.temp.o
 .debug_str     0x000aa6bf     0x3a65 /tmp/ccb7HpzU.debug.temp.o
 .debug_str     0x000aa6bf     0x3d5c /tmp/ccaBQhL9.debug.temp.o
 .debug_str     0x000aa6bf    0xa0e66 /tmp/ccLRVeFA.debug.temp.o
 .debug_str     0x000aa6bf    0xa3ad0 /tmp/ccxjQIzE.debug.temp.o
 .debug_str     0x000aa6bf    0xa03ce /tmp/cc97z1s8.debug.temp.o
 .debug_str     0x000aa6bf    0xa57c3 /tmp/ccLr5Rv9.debug.temp.o
 .debug_str     0x000aa6bf    0xa07ef /tmp/ccqdDXOe.debug.temp.o
 .debug_str     0x000aa6bf    0xa0033 /tmp/cc3Xc3Ht.debug.temp.o

.debug_loc
 *(.debug_loc)

.debug_macinfo
 *(.debug_macinfo)

.debug_weaknames
 *(.debug_weaknames)

.debug_funcnames
 *(.debug_funcnames)

.debug_typenames
 *(.debug_typenames)

.debug_varnames
 *(.debug_varnames)
OUTPUT(Lesson0.elf elf32-littlearm)
LOAD linker stubs

.debug_loclists
                0x00000000     0x1878
 .debug_loclists
                0x00000000     0x1878 /tmp/ccUt4T5f.ltrans0.ltrans.o

.debug_rnglists
                0x00000000      0x22a
 .debug_rnglists
                0x00000000      0x22a /tmp/ccUt4T5f.ltrans0.ltrans.o

.debug_macro    0x00000000    0x1cba3
 .debug_macro   0x00000000      0x3e6 /tmp/ccpGYjO4.debug.temp.o
 .debug_macro   0x000003e6      0xad2 /tmp/ccpGYjO4.debug.temp.o
 .debug_macro   0x00000eb8      0x3a2 /tmp/ccpGYjO4.debug.temp.o
 .debug_macro   0x0000125a       0x2e /tmp/ccpGYjO4.debug.temp.o
 .debug_macro   0x00001288       0x28 /tmp/ccpGYjO4.debug.temp.o
 .debug_macro   0x000012b0      0x34e /tmp/ccpGYjO4.debug.temp.o
 .debug_macro   0x000015fe       0x1c /tmp/ccpGYjO4.debug.temp.o
 .debug_macro   0x0000161a       0x22 /tmp/ccpGYjO4.debug.temp.o
 .debug_macro   0x0000163c       0xd9 /tmp/ccpGYjO4.debug.temp.o
 .debug_macro   0x00001715     0x102d /tmp/ccpGYjO4.debug.temp.o
 .debug_macro   0x00002742      0x11f /tmp/ccpGYjO4.debug.temp.o
 .debug_macro   0x00002861     0xb850 /tmp/ccpGYjO4.debug.temp.o
 .debug_macro   0x0000e0b1       0x43 /tmp/ccpGYjO4.debug.temp.o
 .debug_macro   0x0000e0f4     0x3659 /tmp/ccpGYjO4.debug.temp.o
 .debug_macro   0x0001174d      0x190 /tmp/ccpGYjO4.debug.temp.o
 .debug_macro   0x000118dd       0x5a /tmp/ccpGYjO4.debug.temp.o
 .debug_macro   0x00011937      0x416 /tmp/ccpGYjO4.debug.temp.o
 .debug_macro   0x00011d4d      0x9fe /tmp/ccpGYjO4.debug.temp.o
 .debug_macro   0x0001274b      0x117 /tmp/ccpGYjO4.debug.temp.o
 .debug_macro   0x00012862       0xf8 /tmp/ccpGYjO4.debug.temp.o
 .debug_macro   0x0001295a       0x27 /tmp/ccpGYjO4.debug.temp.o
 .debug_macro   0x00012981      0x15f /tmp/ccpGYjO4.debug.temp.o
 .debug_macro   0x00012ae0      0x287 /tmp/ccpGYjO4.debug.temp.o
 .debug_macro   0x00012d67       0x5f /tmp/ccpGYjO4.debug.temp.o
 .debug_macro   0x00012dc6      0x236 /tmp/ccpGYjO4.debug.temp.o
 .debug_macro   0x00012ffc      0x391 /tmp/ccpGYjO4.debug.temp.o
 .debug_macro   0x0001338d      0x176 /tmp/ccpGYjO4.debug.temp.o
 .debug_macro   0x00013503       0xf9 /tmp/ccpGYjO4.debug.temp.o
 .debug_macro   0x000135fc       0x22 /tmp/ccpGYjO4.debug.temp.o
 .debug_macro   0x0001361e      0x132 /tmp/ccpGYjO4.debug.temp.o
 .debug_macro   0x00013750      0x23a /tmp/ccpGYjO4.debug.temp.o
 .debug_macro   0x0001398a       0x2e /tmp/ccpGYjO4.debug.temp.o
 .debug_macro   0x000139b8      0x1b5 /tmp/ccpGYjO4.debug.temp.o
 .debug_macro   0x00013b6d       0x22 /tmp/ccpGYjO4.debug.temp.o
 .debug_macro   0x00013b8f       0xd6 /tmp/ccpGYjO4.debug.temp.o
 .debug_macro   0x00013c65      0x279 /tmp/ccpGYjO4.debug.temp.o
 .debug_macro   0x00013ede      0x1a7 /tmp/ccpGYjO4.debug.temp.o
 .debug_macro   0x00014085       0x46 /tmp/ccpGYjO4.debug.temp.o
 .debug_macro   0x000140cb       0x4a /tmp/ccpGYjO4.debug.temp.o
 .debug_macro   0x00014115       0x78 /tmp/ccpGYjO4.debug.temp.o
 .debug_macro   0x0001418d      0x11a /tmp/ccpGYjO4.debug.temp.o
 .debug_macro   0x000142a7       0x85 /tmp/ccpGYjO4.debug.temp.o
 .debug_macro   0x0001432c       0x89 /tmp/ccpGYjO4.debug.temp.o
 .debug_macro   0x000143b5      0x31a /tmp/ccpGYjO4.debug.temp.o
 .debug_macro   0x000146cf      0x405 /tmp/ccpGYjO4.debug.temp.o
 .debug_macro   0x00014ad4       0xe4 /tmp/ccpGYjO4.debug.temp.o
 .debug_macro   0x00014bb8      0x861 /tmp/ccpGYjO4.debug.temp.o
 .debug_macro   0x00015419      0x1d5 /tmp/ccpGYjO4.debug.temp.o
 .debug_macro   0x000155ee      0x225 /tmp/ccpGYjO4.debug.temp.o
 .debug_macro   0x00015813      0x8a0 /tmp/ccpGYjO4.debug.temp.o
 .debug_macro   0x000160b3       0x47 /tmp/ccpGYjO4.debug.temp.o
 .debug_macro   0x000160fa      0x287 /tmp/ccpGYjO4.debug.temp.o
 .debug_macro   0x00016381      0x217 /tmp/ccpGYjO4.debug.temp.o
 .debug_macro   0x00016598      0x1b5 /tmp/ccpGYjO4.debug.temp.o
 .debug_macro   0x0001674d      0x2db /tmp/ccpGYjO4.debug.temp.o
 .debug_macro   0x00016a28       0x8d /tmp/ccpGYjO4.debug.temp.o
 .debug_macro   0x00016ab5      0x21e /tmp/ccpGYjO4.debug.temp.o
 .debug_macro   0x00016cd3       0xba /tmp/ccpGYjO4.debug.temp.o
 .debug_macro   0x00016d8d       0x6e /tmp/ccpGYjO4.debug.temp.o
 .debug_macro   0x00016dfb      0x1e9 /tmp/ccpGYjO4.debug.temp.o
 .debug_macro   0x00016fe4      0x126 /tmp/ccpGYjO4.debug.temp.o
 .debug_macro   0x0001710a      0x386 /tmp/ccsv3CPf.debug.temp.o
 .debug_macro   0x00017490      0x3bc /tmp/ccCkkSXa.debug.temp.o
 .debug_macro   0x0001784c      0x39e /tmp/ccGRik4v.debug.temp.o
 .debug_macro   0x00017bea      0x3aa /tmp/ccwdGYtz.debug.temp.o
 .debug_macro   0x00017f94      0x387 /tmp/cc2uIbSm.debug.temp.o
 .debug_macro   0x0001831b      0x387 /tmp/ccVgnliA.debug.temp.o
 .debug_macro   0x000186a2      0x386 /tmp/cco2TDP4.debug.temp.o
 .debug_macro   0x00018a28      0x1ae /tmp/ccVybSfZ.debug.temp.o
 .debug_macro   0x00018bd6      0x15f /tmp/cceS7mpo.debug.temp.o
 .debug_macro   0x00018d35      0xad8 /tmp/cceS7mpo.debug.temp.o
 .debug_macro   0x0001980d      0x239 /tmp/ccmxXFDo.debug.temp.o
 .debug_macro   0x00019a46       0x1c /tmp/ccmxXFDo.debug.temp.o
 .debug_macro   0x00019a62       0x10 /tmp/ccmxXFDo.debug.temp.o
 .debug_macro   0x00019a72       0x10 /tmp/ccmxXFDo.debug.temp.o
 .debug_macro   0x00019a82       0x10 /tmp/ccmxXFDo.debug.temp.o
 .debug_macro   0x00019a92       0x35 /tmp/ccmxXFDo.debug.temp.o
 .debug_macro   0x00019ac7      0x12c /tmp/ccmxXFDo.debug.temp.o
 .debug_macro   0x00019bf3       0xce /tmp/ccmxXFDo.debug.temp.o
 .debug_macro   0x00019cc1       0x7c /tmp/ccmxXFDo.debug.temp.o
 .debug_macro   0x00019d3d       0x17 /tmp/ccmxXFDo.debug.temp.o
 .debug_macro   0x00019d54      0x118 /tmp/ccmxXFDo.debug.temp.o
 .debug_macro   0x00019e6c      0x18a /tmp/ccmxXFDo.debug.temp.o
 .debug_macro   0x00019ff6       0x16 /tmp/ccmxXFDo.debug.temp.o
 .debug_macro   0x0001a00c      0x544 /tmp/cciCTTzY.debug.temp.o
 .debug_macro   0x0001a550       0x22 /tmp/cciCTTzY.debug.temp.o
 .debug_macro   0x0001a572       0x10 /tmp/cciCTTzY.debug.temp.o
 .debug_macro   0x0001a582       0x10 /tmp/cciCTTzY.debug.temp.o
 .debug_macro   0x0001a592      0x390 /tmp/ccszDi4s.debug.temp.o
 .debug_macro   0x0001a922      0x38c /tmp/ccxrKNAn.debug.temp.o
 .debug_macro   0x0001acae       0x34 /tmp/ccb7HpzU.debug.temp.o
 .debug_macro   0x0001ace2       0x45 /tmp/ccaBQhL9.debug.temp.o
 .debug_macro   0x0001ad27       0x22 /tmp/ccaBQhL9.debug.temp.o
 .debug_macro   0x0001ad49       0x22 /tmp/ccaBQhL9.debug.temp.o
 .debug_macro   0x0001ad6b       0x76 /tmp/ccaBQhL9.debug.temp.o
 .debug_macro   0x0001ade1      0x3ab /tmp/ccLRVeFA.debug.temp.o
 .debug_macro   0x0001b18c       0x28 /tmp/ccLRVeFA.debug.temp.o
 .debug_macro   0x0001b1b4      0x4cb /tmp/ccxjQIzE.debug.temp.o
 .debug_macro   0x0001b67f      0x3c4 /tmp/cc97z1s8.debug.temp.o
 .debug_macro   0x0001ba43       0x10 /tmp/cc97z1s8.debug.temp.o
 .debug_macro   0x0001ba53      0x5aa /tmp/ccLr5Rv9.debug.temp.o
 .debug_macro   0x0001bffd       0x16 /tmp/ccLr5Rv9.debug.temp.o
 .debug_macro   0x0001c013       0x9e /tmp/ccLr5Rv9.debug.temp.o
 .debug_macro   0x0001c0b1      0x112 /tmp/ccLr5Rv9.debug.temp.o
 .debug_macro   0x0001c1c3       0x10 /tmp/ccLr5Rv9.debug.temp.o
 .debug_macro   0x0001c1d3       0x16 /tmp/ccLr5Rv9.debug.temp.o
 .debug_macro   0x0001c1e9       0x16 /tmp/ccLr5Rv9.debug.temp.o
 .debug_macro   0x0001c1ff      0x170 /tmp/ccLr5Rv9.debug.temp.o
 .debug_macro   0x0001c36f       0xc1 /tmp/ccLr5Rv9.debug.temp.o
 .debug_macro   0x0001c430       0x54 /tmp/ccLr5Rv9.debug.temp.o
 .debug_macro   0x0001c484      0x399 /tmp/ccqdDXOe.debug.temp.o
 .debug_macro   0x0001c81d      0x386 /tmp/cc3Xc3Ht.debug.temp.o

.debug_line_str
                0x00000000      0xdc8
 .debug_line_str
                0x00000000      0xdc8 /tmp/ccpGYjO4.debug.temp.o
                                0x77d (size before relaxing)
 .debug_line_str
                0x00000dc8      0x78b /tmp/ccsv3CPf.debug.temp.o
 .debug_line_str
                0x00000dc8      0x787 /tmp/ccCkkSXa.debug.temp.o
 .debug_line_str
                0x00000dc8      0x785 /tmp/ccGRik4v.debug.temp.o
 .debug_line_str
                0x00000dc8      0x785 /tmp/ccwdGYtz.debug.temp.o
 .debug_line_str
                0x00000dc8      0x785 /tmp/cc2uIbSm.debug.temp.o
 .debug_line_str
                0x00000dc8      0x785 /tmp/ccVgnliA.debug.temp.o
 .debug_line_str
                0x00000dc8      0x78b /tmp/cco2TDP4.debug.temp.o
 .debug_line_str
                0x00000dc8      0x373 /tmp/ccVybSfZ.debug.temp.o
 .debug_line_str
                0x00000dc8      0x346 /tmp/cceS7mpo.debug.temp.o
 .debug_line_str
                0x00000dc8      0x3b0 /tmp/ccmxXFDo.debug.temp.o
 .debug_line_str
                0x00000dc8      0xa56 /tmp/cciCTTzY.debug.temp.o
 .debug_line_str
                0x00000dc8      0x790 /tmp/ccszDi4s.debug.temp.o
 .debug_line_str
                0x00000dc8      0x777 /tmp/ccxrKNAn.debug.temp.o
 .debug_line_str
                0x00000dc8      0x161 /tmp/ccb7HpzU.debug.temp.o
 .debug_line_str
                0x00000dc8      0x134 /tmp/ccaBQhL9.debug.temp.o
 .debug_line_str
                0x00000dc8      0x768 /tmp/ccLRVeFA.debug.temp.o
 .debug_line_str
                0x00000dc8      0x9ac /tmp/ccxjQIzE.debug.temp.o
 .debug_line_str
                0x00000dc8      0x784 /tmp/cc97z1s8.debug.temp.o
 .debug_line_str
                0x00000dc8      0xa0c /tmp/ccLr5Rv9.debug.temp.o
 .debug_line_str
                0x00000dc8      0x74f /tmp/ccqdDXOe.debug.temp.o
 .debug_line_str
                0x00000dc8      0x75f /tmp/cc3Xc3Ht.debug.temp.o
